{"duration":274,"level":"error","message":"Server error","method":"POST","requestId":"61185fee-cccf-4de5-b166-de160c2ae77c","service":"api-service","status":500,"timestamp":"2025-04-26 20:01:04","url":"/api/v1/posts"}
{"duration":413,"level":"error","message":"Server error","method":"POST","requestId":"4c4b8dae-a7f3-4783-8b47-16b0f19bd893","service":"api-service","status":500,"timestamp":"2025-04-26 20:01:55","url":"/api/v1/posts"}
{"duration":325,"level":"error","message":"Server error","method":"POST","requestId":"0b0e8470-5c2b-4e5e-9e8c-509418a99dda","service":"api-service","status":500,"timestamp":"2025-04-26 20:03:05","url":"/api/v1/posts"}
{"duration":777,"level":"error","message":"Server error","method":"POST","requestId":"21982964-9468-45e6-9619-50b9da922a9a","service":"api-service","status":500,"timestamp":"2025-04-26 20:54:27","url":"/api/v1/posts"}
{"duration":10761,"level":"error","message":"Server error","method":"POST","requestId":"db3ba3c8-c5ae-4a40-8af7-318dbff64323","service":"api-service","status":500,"timestamp":"2025-04-26 20:56:54","url":"/api/v1/posts"}
{"duration":113996,"level":"error","message":"Server error","method":"POST","requestId":"bd1b568b-ebc5-42b3-b021-374d26f1af65","service":"api-service","status":500,"timestamp":"2025-04-26 20:59:07","url":"/api/v1/posts"}
{"duration":21209,"level":"error","message":"Server error","method":"POST","requestId":"251ccd1b-b20b-48e5-a3e5-a6e7fdfe30a1","service":"api-service","status":500,"timestamp":"2025-04-26 21:01:38","url":"/api/v1/posts"}
{"duration":5997,"level":"error","message":"Server error","method":"POST","requestId":"d7e5e3d0-cd69-479b-b4b1-2308ce405fae","service":"api-service","status":500,"timestamp":"2025-04-26 21:04:32","url":"/api/v1/posts"}
{"duration":9053,"level":"error","message":"Server error","method":"POST","requestId":"18bdb68d-d537-4952-a15d-f6b0cc7c1817","service":"api-service","status":500,"timestamp":"2025-04-26 21:16:12","url":"/api/v1/posts"}
{"duration":21877,"level":"error","message":"Server error","method":"POST","requestId":"837e2176-f83a-4a03-94e8-d877c1e5b976","service":"api-service","status":500,"timestamp":"2025-04-26 21:16:37","url":"/api/v1/posts"}
{"duration":7799,"level":"error","message":"Server error","method":"POST","requestId":"55dcd9ed-f931-4e84-ae87-e9e898733c54","service":"api-service","status":500,"timestamp":"2025-04-26 21:20:17","url":"/api/v1/posts"}
{"duration":593,"level":"error","message":"Server error","method":"POST","requestId":"1643ac7b-d2fa-4f5b-b69d-16103a6b1fc4","service":"api-service","status":500,"timestamp":"2025-04-26 21:53:04","url":"/api/v1/posts"}
{"duration":328,"level":"error","message":"Server error","method":"GET","requestId":"cbeaf94d-fee3-4a97-8f73-5dfaed71ba2e","service":"api-service","status":500,"timestamp":"2025-04-26 22:06:02","url":"/api/v1/posts"}
{"duration":303,"level":"error","message":"Server error","method":"GET","requestId":"d4f552db-0b6d-4a89-9cf2-3570851291f0","service":"api-service","status":500,"timestamp":"2025-04-26 22:07:59","url":"/api/v1/posts"}
{"duration":4938,"level":"error","message":"Server error","method":"GET","requestId":"b76cc330-c7a1-41c6-9d97-de8ff217be83","service":"api-service","status":500,"timestamp":"2025-04-26 22:09:15","url":"/api/v1/posts"}
{"duration":12132,"level":"error","message":"Server error","method":"GET","requestId":"3f782ca7-717f-49f9-935e-038d0599dab9","service":"api-service","status":500,"timestamp":"2025-04-26 22:09:51","url":"/api/v1/posts"}
{"duration":19228,"level":"error","message":"Server error","method":"GET","requestId":"c73f1df9-8b0a-4c54-992b-0bb081b23d7e","service":"api-service","status":500,"timestamp":"2025-04-27 23:39:54","url":"/api/v1/posts"}
{"duration":47,"level":"error","message":"Server error","method":"POST","requestId":"5a3a58b9-ac9c-4021-8b8d-53c93d471a85","service":"api-service","status":500,"timestamp":"2025-05-01 19:30:32","url":"/api/v1/auth/verify-otp"}
{"duration":9708,"level":"error","message":"Server error","method":"POST","requestId":"c11b724f-b305-4ea1-b37e-35514e1b105c","service":"api-service","status":500,"timestamp":"2025-05-01 19:42:06","url":"/api/v1/auth/verify-otp"}
{"duration":1481,"level":"error","message":"Server error","method":"POST","requestId":"1737b5af-b3b0-47bc-bca3-39a87cfd0788","service":"api-service","status":500,"timestamp":"2025-05-01 19:45:06","url":"/api/v1/auth/verify-otp"}
{"duration":982,"level":"error","message":"Server error","method":"PUT","requestId":"252e140d-4500-4137-b534-9af589b5fc1b","service":"api-service","status":500,"timestamp":"2025-05-01 20:02:59","url":"/api/v1/users/me"}
{"duration":1882,"level":"error","message":"Server error","method":"POST","requestId":"7b704612-47ed-4524-94ca-a36d69650d5c","service":"api-service","status":500,"timestamp":"2025-05-01 21:23:21","url":"/api/v1/auth/verify-otp"}
{"duration":54124,"level":"error","message":"Server error","method":"POST","requestId":"59ec2d85-0600-44f2-bab2-4494b00bcc8c","service":"api-service","status":500,"timestamp":"2025-05-01 21:25:13","url":"/api/v1/auth/verify-otp"}
{"duration":63500,"level":"error","message":"Server error","method":"POST","requestId":"ae45a14d-1d35-42a1-801b-e48616bd0adc","service":"api-service","status":500,"timestamp":"2025-05-01 21:27:34","url":"/api/v1/auth/verify-otp"}
{"duration":487,"level":"error","message":"Server error","method":"GET","requestId":"f00d2f8c-1617-4384-9a39-7794aadb65b1","service":"api-service","status":500,"timestamp":"2025-05-02 11:46:50","url":"/api/v1/payments/user"}
{"duration":552,"level":"error","message":"Server error","method":"GET","requestId":"dc518d08-c626-40ed-b2b3-b5bd4e211ccb","service":"api-service","status":500,"timestamp":"2025-05-02 11:49:35","url":"/api/v1/payments/user"}
{"duration":2219,"level":"error","message":"Server error","method":"POST","requestId":"85f178c4-1e48-494d-845c-bba8cd683a1e","service":"api-service","status":500,"timestamp":"2025-05-02 22:56:18","url":"/api/v1/auth/login"}
{"duration":669,"level":"error","message":"Server error","method":"GET","requestId":"ba4f5101-d732-40ad-b5ac-da30ffb719b6","service":"api-service","status":500,"timestamp":"2025-05-02 23:41:41","url":"/api/v1/posts"}
{"duration":383,"level":"error","message":"Server error","method":"GET","requestId":"fcc78907-e967-4eef-b5ef-0660eb0b11e7","service":"api-service","status":500,"timestamp":"2025-05-02 23:42:06","url":"/api/v1/posts"}
{"duration":1922,"level":"error","message":"Server error","method":"POST","requestId":"079738ca-2bbc-4e8c-b997-a636846961b0","service":"api-service","status":500,"timestamp":"2025-05-03 15:12:16","url":"/api/v1/auth/logout"}
{"duration":2787,"level":"error","message":"Server error","method":"POST","requestId":"816d6d55-2f5d-4528-a186-19b522ccfd2e","service":"api-service","status":500,"timestamp":"2025-05-03 15:22:59","url":"/api/v1/auth/login"}
{"duration":336,"level":"error","message":"Server error","method":"GET","requestId":"29d1ad7c-7634-49fc-af95-4eae4fd0cb45","service":"api-service","status":500,"timestamp":"2025-05-03 15:34:31","url":"/api/v1/posts"}
{"duration":205,"level":"error","message":"Server error","method":"GET","requestId":"07f13d3b-8ce8-4199-a9a8-3a7bace9f1c1","service":"api-service","status":500,"timestamp":"2025-05-03 15:37:08","url":"/api/v1/posts"}
{"duration":273,"level":"error","message":"Server error","method":"GET","requestId":"85f71996-c389-4c51-965e-aab4f87b1c10","service":"api-service","status":500,"timestamp":"2025-05-03 15:39:08","url":"/api/v1/posts"}
{"duration":381,"level":"error","message":"Server error","method":"GET","requestId":"ca861c84-177b-4f52-a757-e8806e2807f1","service":"api-service","status":500,"timestamp":"2025-05-03 15:40:07","url":"/api/v1/posts"}
{"duration":276,"level":"error","message":"Server error","method":"GET","requestId":"3c5871f7-2179-4284-accb-7e0294cbe0e0","service":"api-service","status":500,"timestamp":"2025-05-03 15:42:22","url":"/api/v1/posts"}
{"duration":276,"level":"error","message":"Server error","method":"GET","requestId":"4e1fdb6d-675a-4214-a98d-1ad575982397","service":"api-service","status":500,"timestamp":"2025-05-03 15:45:19","url":"/api/v1/posts"}
{"duration":425,"level":"error","message":"Server error","method":"GET","requestId":"d0a307f6-d1c4-4c76-903b-f1da1c70d2f3","service":"api-service","status":500,"timestamp":"2025-05-03 15:45:51","url":"/api/v1/posts"}
{"duration":2752,"level":"error","message":"Server error","method":"POST","requestId":"ec2439c8-37d7-496f-89a4-6a78b70667ef","service":"api-service","status":500,"timestamp":"2025-05-03 16:28:49","url":"/api/v1/users"}
{"duration":614,"level":"error","message":"Server error","method":"POST","requestId":"d19c2a10-9b77-48f1-95eb-c2e0f8675646","service":"api-service","status":500,"timestamp":"2025-05-03 16:55:25","url":"/api/v1/roles/36/permissions"}
{"duration":557,"level":"error","message":"Server error","method":"POST","requestId":"5441ed5e-6216-4a14-a3c7-b63b443b2a70","service":"api-service","status":500,"timestamp":"2025-05-03 17:10:30","url":"/api/v1/roles"}
{"duration":455,"level":"error","message":"Server error","method":"POST","requestId":"f196f772-304b-409f-b60c-f3c378ad3f78","service":"api-service","status":500,"timestamp":"2025-05-03 17:15:10","url":"/api/v1/roles"}
{"duration":15561,"level":"error","message":"Server error","method":"POST","requestId":"b69b4148-35ae-4642-98f7-ce4d76d47c17","service":"api-service","status":500,"timestamp":"2025-05-03 17:15:41","url":"/api/v1/roles"}
{"duration":395,"level":"error","message":"Server error","method":"POST","requestId":"ae95041c-7c71-4157-baf9-8f679d6dd538","service":"api-service","status":500,"timestamp":"2025-05-03 17:18:45","url":"/api/v1/roles/42/permissions"}
{"duration":10899,"level":"error","message":"Server error","method":"POST","requestId":"e628dc17-62a0-48f3-8f12-fd3cd54e4e1f","service":"api-service","status":500,"timestamp":"2025-05-03 22:18:01","url":"/api/v1/payments/update-status"}
{"duration":15143,"level":"error","message":"Server error","method":"POST","requestId":"cdef56f6-a92a-4166-bc14-1541152a0519","service":"api-service","status":500,"timestamp":"2025-05-03 22:18:23","url":"/api/v1/payments/update-status"}
{"duration":35569,"level":"error","message":"Server error","method":"POST","requestId":"1f0086af-ad2e-48c0-a090-c6a03699e277","service":"api-service","status":500,"timestamp":"2025-05-03 22:21:42","url":"/api/v1/payments/update-status"}
{"duration":361,"level":"error","message":"Server error","method":"GET","requestId":"84a04849-087f-451c-ba2a-ba268d88c690","service":"api-service","status":500,"timestamp":"2025-05-04 20:41:00","url":"/api/v1/roles/33/permissions"}
{"duration":11627,"level":"error","message":"Server error","method":"GET","requestId":"15a5d79c-1cf3-4ca6-a6c7-9ff301d3de3a","service":"api-service","status":500,"timestamp":"2025-05-04 20:41:42","url":"/api/v1/roles/33/permissions"}
{"duration":482,"level":"error","message":"Server error","method":"GET","requestId":"daae3537-d50d-455e-8f6a-ceeb875101f1","service":"api-service","status":500,"timestamp":"2025-05-05 21:48:19","url":"/api/v1/users"}
{"duration":519,"level":"error","message":"Server error","method":"GET","requestId":"63f14ffb-2a2d-4795-a8ac-2d0fbedcb187","service":"api-service","status":500,"timestamp":"2025-05-05 21:54:37","url":"/api/v1/users"}
{"duration":677,"level":"error","message":"Server error","method":"DELETE","requestId":"c8a0cf26-0d1e-46cf-832c-3153722e1893","service":"api-service","status":500,"timestamp":"2025-05-05 22:51:51","url":"/api/v1/post-categories/1"}
{"duration":952,"level":"error","message":"Server error","method":"PUT","requestId":"c95dc327-ff6e-405b-8eb5-8840e99ced88","service":"api-service","status":500,"timestamp":"2025-05-06 12:19:06","url":"/api/v1/users/me"}
{"duration":399,"level":"error","message":"Server error","method":"PUT","requestId":"0e7beac0-c003-4496-9e68-25f3a4b5d85b","service":"api-service","status":500,"timestamp":"2025-05-06 12:19:19","url":"/api/v1/users/me"}
{"duration":511,"level":"error","message":"Server error","method":"PUT","requestId":"78703011-adae-411c-b373-8bb3f0b218fe","service":"api-service","status":500,"timestamp":"2025-05-06 12:19:59","url":"/api/v1/users/me"}
{"duration":816,"level":"error","message":"Server error","method":"POST","requestId":"9f34154a-07de-403b-ada6-c7b7844cab8c","service":"api-service","status":500,"timestamp":"2025-05-06 12:33:31","url":"/api/v1/post-categories"}
{"duration":505,"level":"error","message":"Server error","method":"DELETE","requestId":"6b639196-c9de-4f86-9153-ba2ea954b70e","service":"api-service","status":500,"timestamp":"2025-05-06 12:44:49","url":"/api/v1/post-categories/1"}
{"duration":409,"level":"error","message":"Server error","method":"PUT","requestId":"37779bd8-2954-44e7-975e-7762b835e54d","service":"api-service","status":500,"timestamp":"2025-05-06 12:46:15","url":"/api/v1/users/me"}
{"duration":205,"level":"error","message":"Server error","method":"PUT","requestId":"09cbf536-8cd4-4388-89bc-6dd613a1cfc8","service":"api-service","status":500,"timestamp":"2025-05-06 12:46:19","url":"/api/v1/users/me"}
{"duration":456,"level":"error","message":"Server error","method":"GET","requestId":"781e3bf7-b08d-46ae-8591-6633465f6d41","service":"api-service","status":500,"timestamp":"2025-05-06 13:19:37","url":"/api/v1/users"}
{"duration":692,"level":"error","message":"Server error","method":"POST","requestId":"5275b284-f383-4ebf-bd51-cd0592262a25","service":"api-service","status":500,"timestamp":"2025-05-06 21:04:34","url":"/api/v1/subscriptions"}
{"duration":454,"level":"error","message":"Server error","method":"GET","requestId":"b47000b1-4735-40e6-872f-0d421ef257b9","service":"api-service","status":500,"timestamp":"2025-05-06 22:19:11","url":"/api/v1/posts"}
{"duration":535,"level":"error","message":"Server error","method":"GET","requestId":"c439ea7e-32e4-439f-a59e-51e139eec1f8","service":"api-service","status":500,"timestamp":"2025-05-07 00:31:36","url":"/api/v1/conversations/paginated?"}
{"duration":329,"level":"error","message":"Server error","method":"GET","requestId":"67c57596-be36-4ae5-8a8b-d08d6ca370c9","service":"api-service","status":500,"timestamp":"2025-05-07 00:31:41","url":"/api/v1/conversations/paginated"}
{"duration":402,"level":"error","message":"Server error","method":"GET","requestId":"2cbf7b55-0bed-40c4-9036-cdebcaa5782f","service":"api-service","status":500,"timestamp":"2025-05-07 00:32:02","url":"/api/v1/conversations/paginated?limit=3&offset="}
{"duration":392,"level":"error","message":"Server error","method":"GET","requestId":"e609e239-d74f-4089-a7eb-e9fa89779526","service":"api-service","status":500,"timestamp":"2025-05-07 00:33:51","url":"/api/v1/conversations/paginated?limit=3&offset=0"}
{"duration":341,"level":"error","message":"Server error","method":"GET","requestId":"da4280ad-5b75-4ce6-8119-020eaf50fdaa","service":"api-service","status":500,"timestamp":"2025-05-07 00:34:14","url":"/api/v1/conversations/paginated?limit=3&offset=0"}
{"duration":677,"level":"error","message":"Server error","method":"GET","requestId":"cb67c0af-bffc-4b2e-ac0c-607eec6b46d4","service":"api-service","status":500,"timestamp":"2025-05-07 00:34:34","url":"/api/v1/conversations/paginated?limit=3&offset=0"}
{"duration":385,"level":"error","message":"Server error","method":"GET","requestId":"598a8359-55ec-411e-89a5-2781538dccc3","service":"api-service","status":500,"timestamp":"2025-05-07 00:34:54","url":"/api/v1/conversations/paginated?limit=3&offset=0"}
{"duration":470,"level":"error","message":"Server error","method":"GET","requestId":"c7ceb1d1-d0b3-4964-a96f-884dff84e73f","service":"api-service","status":500,"timestamp":"2025-05-07 00:38:21","url":"/api/v1/conversations/paginated"}
{"duration":23163,"level":"error","message":"Server error","method":"GET","requestId":"0a9f0d7b-0a4d-4a1d-8cdc-0e73b52a702e","service":"api-service","status":500,"timestamp":"2025-05-07 01:00:58","url":"/api/v1/conversations/paginated"}
{"duration":77657,"level":"error","message":"Server error","method":"GET","requestId":"350b600d-171d-4760-85cf-b25e6e9a2334","service":"api-service","status":500,"timestamp":"2025-05-07 01:04:39","url":"/api/v1/conversations/paginated"}
{"duration":17318,"level":"error","message":"Server error","method":"GET","requestId":"3adb6ecd-01c7-44be-b7e3-056c0ce0fbed","service":"api-service","status":500,"timestamp":"2025-05-07 01:07:10","url":"/api/v1/conversations/paginated"}
{"duration":11155,"level":"error","message":"Server error","method":"GET","requestId":"c060c64a-cdd6-40d5-aa17-8851b396a9a6","service":"api-service","status":500,"timestamp":"2025-05-07 01:09:10","url":"/api/v1/conversations/paginated"}
{"duration":35432,"level":"error","message":"Server error","method":"GET","requestId":"f734fed2-bee8-4ad9-b82d-0651981fce1e","service":"api-service","status":500,"timestamp":"2025-05-07 01:09:57","url":"/api/v1/conversations/paginated"}
{"duration":9340,"level":"error","message":"Server error","method":"GET","requestId":"ea454034-5e02-43e6-b84d-73b856bdebf3","service":"api-service","status":500,"timestamp":"2025-05-07 01:13:16","url":"/api/v1/conversations/paginated?limit=2&offset=0"}
{"duration":4584,"level":"error","message":"Server error","method":"GET","requestId":"e350b16a-df94-4091-8ffa-17c9f81685c7","service":"api-service","status":500,"timestamp":"2025-05-07 01:16:41","url":"/api/v1/conversations/paginated?limit=2&offset=0"}
{"duration":8564,"level":"error","message":"Server error","method":"GET","requestId":"117d2614-4011-44c7-8da7-f30b294022df","service":"api-service","status":500,"timestamp":"2025-05-07 01:18:18","url":"/api/v1/conversations/paginated?limit=2&offset=0"}
{"duration":11987,"level":"error","message":"Server error","method":"GET","requestId":"ea506db3-78a5-4027-b7b2-c7e8d255ace9","service":"api-service","status":500,"timestamp":"2025-05-07 01:19:14","url":"/api/v1/conversations/paginated?limit=2&offset=0"}
{"duration":332,"level":"error","message":"Server error","method":"GET","requestId":"e3b979c0-c7ed-460b-b145-7b3dab45a686","service":"api-service","status":500,"timestamp":"2025-05-07 20:32:04","url":"/api/v1/posts"}
{"duration":7555,"level":"error","message":"Server error","method":"POST","requestId":"d7918763-cf67-441f-93a3-deb599b4e57b","service":"api-service","status":500,"timestamp":"2025-05-07 20:36:39","url":"/api/v1/post-categories"}
{"duration":525,"level":"error","message":"Server error","method":"POST","requestId":"762ceccc-0f85-43bc-9624-15d4690ee77f","service":"api-service","status":500,"timestamp":"2025-05-07 20:37:05","url":"/api/v1/post-categories"}
{"duration":654,"level":"error","message":"Server error","method":"POST","requestId":"16057779-c78c-4fbd-a7e5-74c571d32813","service":"api-service","status":500,"timestamp":"2025-05-07 20:40:20","url":"/api/v1/post-categories"}
{"duration":889,"level":"error","message":"Server error","method":"POST","requestId":"683bfe6a-1794-4ee3-a04b-d983ea15bff1","service":"api-service","status":500,"timestamp":"2025-05-07 20:41:21","url":"/api/v1/post-categories"}
{"duration":15387,"level":"error","message":"Server error","method":"GET","requestId":"3f3bd572-93fd-4bd3-b4cf-9742f050650f","service":"api-service","status":500,"timestamp":"2025-05-07 22:49:29","url":"/api/v1/posts//thi-truong-5/kinh-t%E1%BA%BF/thi-truong-6/thi-truong-7/kinh-te-thi-truong"}
{"duration":23262,"level":"error","message":"Server error","method":"GET","requestId":"61fa950d-8e65-4f2f-9ce7-3cabb7100884","service":"api-service","status":500,"timestamp":"2025-05-07 22:50:02","url":"/api/v1/posts//thi-truong-5/kinh-t%E1%BA%BF/thi-truong-6/thi-truong-7/kinh-te-thi-truong"}
{"duration":221,"level":"error","message":"Server error","method":"GET","requestId":"dd69b1fa-c8af-435f-972f-daef685d26a6","service":"api-service","status":500,"timestamp":"2025-05-07 23:23:32","url":"/api/v1/posts/paginated"}
{"duration":10300,"level":"error","message":"Server error","method":"GET","requestId":"8387fbd0-4614-4180-958e-87b5eef7d659","service":"api-service","status":500,"timestamp":"2025-05-07 23:24:44","url":"/api/v1/posts/paginated"}
{"duration":250,"level":"error","message":"Server error","method":"GET","requestId":"61f09320-b823-4011-b189-0cbbb20564dd","service":"api-service","status":500,"timestamp":"2025-05-07 23:25:45","url":"/api/v1/posts/paginated"}
{"duration":714,"level":"error","message":"Server error","method":"POST","requestId":"52d2fbca-67c6-46fd-a67a-603948caa040","service":"api-service","status":500,"timestamp":"2025-05-08 17:36:43","url":"/api/v1/auth/login/google"}
{"duration":11288,"level":"error","message":"Server error","method":"POST","requestId":"85d727d0-836b-4626-a2b5-b1c9a7bceb8d","service":"api-service","status":500,"timestamp":"2025-05-08 17:38:44","url":"/api/v1/auth/login/google"}
{"duration":2351,"level":"error","message":"Server error","method":"POST","requestId":"03621c50-7e53-4b45-bacd-cab0878aa6cc","service":"api-service","status":500,"timestamp":"2025-05-08 19:39:57","url":"/api/v1/auth/login/google"}
{"duration":408,"level":"error","message":"Server error","method":"GET","requestId":"8b8ea327-902b-4bbe-92bd-171822877d33","service":"api-service","status":500,"timestamp":"2025-05-08 20:51:24","url":"/api/v1/posts/paginated?categorySlug=thi-truong-7"}
{"duration":154796,"level":"error","message":"Server error","method":"GET","requestId":"86441db7-ae14-4d8a-8bbd-949d1805a46a","service":"api-service","status":500,"timestamp":"2025-05-08 20:59:20","url":"/api/v1/posts/paginated?categorySlug=thi-truong-7"}
{"duration":578,"level":"error","message":"Server error","method":"GET","requestId":"8604eb1b-424a-4c48-a2f9-b699e0724321","service":"api-service","status":500,"timestamp":"2025-05-08 21:11:35","url":"/api/v1/posts/paginated?categorySlug=thi-truong-7"}
{"duration":5131,"level":"error","message":"Server error","method":"GET","requestId":"679262fb-445c-4458-b51a-89b3b773a85f","service":"api-service","status":500,"timestamp":"2025-05-08 21:16:59","url":"/api/v1/posts/paginated?categorySlug=thi-truong-7"}
{"duration":481,"level":"error","message":"Server error","method":"GET","requestId":"79cfa52a-720f-42d3-bdf4-233df77526b4","service":"api-service","status":500,"timestamp":"2025-05-08 21:25:57","url":"/api/v1/posts/paginated?categorySlug=thi-truong-7"}
{"duration":96,"level":"error","message":"Server error","method":"GET","requestId":"1c1ebb18-bbd9-4bce-9e8f-b0e61be98ddc","service":"api-service","status":500,"timestamp":"2025-05-08 21:26:00","url":"/api/v1/posts/paginated?categorySlug=thi-truong-7"}
{"duration":272,"level":"error","message":"Server error","method":"GET","requestId":"0b372c28-0a9b-4d2b-b854-905ce463c6f7","service":"api-service","status":500,"timestamp":"2025-05-08 21:28:45","url":"/api/v1/posts/paginated?categorySlug=thi-truong-7"}
{"duration":6049,"level":"error","message":"Server error","method":"GET","requestId":"b40b5b5e-0de4-49d9-b654-29820ad2d329","service":"api-service","status":500,"timestamp":"2025-05-08 21:40:19","url":"/api/v1/posts/paginated?categorySlug=thi-truong-7"}
{"duration":204,"level":"error","message":"Server error","method":"GET","requestId":"e995ce4f-a18a-4138-830e-cca16c5dfccf","service":"api-service","status":500,"timestamp":"2025-05-08 21:46:29","url":"/api/v1/posts/paginated?categorySlug=thi-truong-7&imit=1"}
{"duration":307,"level":"error","message":"Server error","method":"GET","requestId":"95259fee-98d1-469c-b870-930f54a280a6","service":"api-service","status":500,"timestamp":"2025-05-08 21:46:43","url":"/api/v1/posts/paginated?categorySlug=thi-truong-7"}
{"duration":351,"level":"error","message":"Server error","method":"GET","requestId":"d2e09d3e-5306-431f-9d2b-8b422a0ada01","service":"api-service","status":500,"timestamp":"2025-05-08 21:49:30","url":"/api/v1/posts/paginated?categorySlug=thi-truong-7"}
{"duration":315,"level":"error","message":"Server error","method":"GET","requestId":"56e9f867-e5e5-4757-8d32-cd53569b8e18","service":"api-service","status":500,"timestamp":"2025-05-08 21:50:40","url":"/api/v1/posts/paginated?categorySlug=thi-truong-7"}
{"duration":507,"level":"error","message":"Server error","method":"GET","requestId":"a1ed510b-72bd-48df-bcbe-df9d8fb51d93","service":"api-service","status":500,"timestamp":"2025-05-09 00:01:14","url":"/api/v1/posts/paginated?limit=10&sort=createdAt&order=DESC&offset=0&categorySlug=thi-truong-5"}
{"duration":830,"level":"error","message":"Server error","method":"POST","requestId":"9be398f5-6ba5-41f1-934b-a5c0eb86313c","service":"api-service","status":500,"timestamp":"2025-05-09 02:01:11","url":"/api/v1/posts"}
{"duration":11011,"level":"error","message":"Server error","method":"POST","requestId":"c224df1f-eb73-45d2-8bd5-0e32e9955528","service":"api-service","status":500,"timestamp":"2025-05-09 02:02:35","url":"/api/v1/posts"}
{"duration":14243,"level":"error","message":"Server error","method":"POST","requestId":"dcae9cfa-83a1-4915-8e45-78ae4b56f90e","service":"api-service","status":500,"timestamp":"2025-05-09 02:04:15","url":"/api/v1/posts"}
{"duration":432,"level":"error","message":"Server error","method":"GET","requestId":"229b36db-e29e-456e-9a6a-64b6264013e2","service":"api-service","status":500,"timestamp":"2025-05-09 18:57:44","url":"/api/v1/conversations/paginated&page=1&limit=10"}
{"duration":345,"level":"error","message":"Server error","method":"POST","requestId":"d5a52f1b-be4c-48f9-a8c8-fd594c4aa80b","service":"api-service","status":500,"timestamp":"2025-05-09 21:00:30","url":"/api/v1/auth/login/google"}
{"duration":1000,"level":"error","message":"Server error","method":"POST","requestId":"0a918832-abaa-4f2d-8244-02f0a0f69205","service":"api-service","status":500,"timestamp":"2025-05-10 00:55:49","url":"/api/v1/auth/login/google"}
{"duration":1165,"level":"error","message":"Server error","method":"POST","requestId":"f558ce47-7fa4-4796-87ea-631d642439c6","service":"api-service","status":500,"timestamp":"2025-05-10 00:57:50","url":"/api/v1/auth/login/google"}
{"duration":69986,"level":"error","message":"Server error","method":"POST","requestId":"522a31a0-4061-4c40-9c5c-556dba3fff33","service":"api-service","status":500,"timestamp":"2025-05-10 00:59:07","url":"/api/v1/auth/login/google"}
{"duration":58368,"level":"error","message":"Server error","method":"POST","requestId":"8fde4caa-0a23-4d21-b5c5-2fc45945bdcd","service":"api-service","status":500,"timestamp":"2025-05-10 01:04:14","url":"/api/v1/auth/login/google"}
{"duration":33352,"level":"error","message":"Server error","method":"POST","requestId":"e16e78e5-d348-4377-b8a1-7b95dd4a5cb8","service":"api-service","status":500,"timestamp":"2025-05-10 01:09:02","url":"/api/v1/auth/login/google"}
{"duration":10939,"level":"error","message":"Server error","method":"POST","requestId":"ffe4de05-58c8-4f63-8a5b-d14ce91da574","service":"api-service","status":500,"timestamp":"2025-05-10 01:09:19","url":"/api/v1/auth/login/google"}
{"duration":27581,"level":"error","message":"Server error","method":"POST","requestId":"8f4efc1e-0bc6-4955-b020-686cd7a41f6f","service":"api-service","status":500,"timestamp":"2025-05-10 01:09:53","url":"/api/v1/auth/login/google"}
{"duration":13895,"level":"error","message":"Server error","method":"POST","requestId":"55bdebe6-2851-4bba-a7a6-746336ef8e76","service":"api-service","status":500,"timestamp":"2025-05-10 01:11:27","url":"/api/v1/auth/login/google"}
{"duration":49739,"level":"error","message":"Server error","method":"POST","requestId":"5b7100dd-309c-4546-b0de-58d48d168db8","service":"api-service","status":500,"timestamp":"2025-05-10 01:12:30","url":"/api/v1/auth/login/google"}
{"duration":581,"level":"error","message":"Server error","method":"POST","requestId":"de02053d-85c7-458e-9c68-a41414e5a6c8","service":"api-service","status":500,"timestamp":"2025-05-10 01:12:39","url":"/api/v1/auth/login/google"}
{"duration":375,"level":"error","message":"Server error","method":"POST","requestId":"3e70dccd-2f59-4529-b661-fa97a44bec8c","service":"api-service","status":500,"timestamp":"2025-05-10 01:12:44","url":"/api/v1/auth/login/google"}
{"duration":11585,"level":"error","message":"Server error","method":"POST","requestId":"44c9accd-7ef7-499b-942d-25a478523f4e","service":"api-service","status":500,"timestamp":"2025-05-10 08:40:12","url":"/api/v1/auth/login/google"}
{"duration":7112,"level":"error","message":"Server error","method":"POST","requestId":"9d20df00-b1d2-43a0-ac1f-514ccda26a8f","service":"api-service","status":500,"timestamp":"2025-05-10 08:40:23","url":"/api/v1/auth/login/google"}
{"duration":20883,"level":"error","message":"Server error","method":"POST","requestId":"f1d18976-75ae-4ff2-abc5-5520967e1640","service":"api-service","status":500,"timestamp":"2025-05-10 08:43:14","url":"/api/v1/auth/login/google"}
{"duration":601,"level":"error","message":"Server error","method":"DELETE","requestId":"69fd8c53-9cdf-4098-a49c-c83bc367d765","service":"api-service","status":500,"timestamp":"2025-05-10 11:59:56","url":"/api/v1/subscriptions/9"}
{"duration":534,"level":"error","message":"Server error","method":"DELETE","requestId":"e65bdc0e-e81b-45d8-8e79-b3565e9bfc62","service":"api-service","status":500,"timestamp":"2025-05-10 12:02:46","url":"/api/v1/subscriptions/9"}
{"duration":193,"level":"error","message":"Server error","method":"DELETE","requestId":"3161b070-5040-4d07-8fb3-6d7857b3a8d8","service":"api-service","status":500,"timestamp":"2025-05-10 12:02:54","url":"/api/v1/subscriptions/9"}
{"duration":7890,"level":"error","message":"Server error","method":"DELETE","requestId":"d405af5c-76ed-4965-8e3d-f67fc8120bd3","service":"api-service","status":500,"timestamp":"2025-05-10 12:03:34","url":"/api/v1/subscriptions/9"}
{"duration":1029,"level":"error","message":"Server error","method":"GET","requestId":"7b864f14-8610-4f3e-9f9c-222444fa3815","service":"api-service","status":500,"timestamp":"2025-05-10 12:46:49","url":"/api/v1/conversations/paginated?page=1&limit=10"}
{"duration":67255,"level":"error","message":"Server error","method":"GET","requestId":"92a7d069-c163-44c2-a7cb-d515dc7fed56","service":"api-service","status":500,"timestamp":"2025-05-10 12:48:19","url":"/api/v1/conversations/paginated?page=1&limit=10"}
{"duration":7660,"level":"error","message":"Server error","method":"GET","requestId":"32f22ff5-babb-412e-84d5-3a0b9880dc99","service":"api-service","status":500,"timestamp":"2025-05-10 14:14:52","url":"/api/v1/conversations/paginated?page=1&limit=10"}
{"duration":38474,"level":"error","message":"Server error","method":"POST","requestId":"868f34e5-aac2-443c-ac36-f19ae174f455","service":"api-service","status":500,"timestamp":"2025-05-10 14:57:13","url":"/api/v1/payments/update-status"}
{"duration":16384,"level":"error","message":"Server error","method":"POST","requestId":"3b6e69b1-bddb-47df-88d0-53197713533c","service":"api-service","status":500,"timestamp":"2025-05-10 14:59:39","url":"/api/v1/payments/update-status"}
{"duration":44842,"level":"error","message":"Server error","method":"POST","requestId":"5925e901-e797-4bac-ae43-0109ada2f94a","service":"api-service","status":500,"timestamp":"2025-05-10 15:05:58","url":"/api/v1/payments"}
{"duration":85039,"level":"error","message":"Server error","method":"POST","requestId":"8b0fe315-fbad-4e7c-9488-d8b8cb6b8215","service":"api-service","status":500,"timestamp":"2025-05-10 15:07:26","url":"/api/v1/payments"}
{"duration":4899,"level":"error","message":"Server error","method":"GET","requestId":"baa16dc3-3a81-44ad-8fb0-ce925d75f1d0","service":"api-service","status":500,"timestamp":"2025-05-10 15:27:46","url":"/api/v1/conversations/paginated"}
{"duration":1570,"level":"error","message":"Server error","method":"GET","requestId":"a1c52f28-0e82-4f15-b97f-8bba663db390","service":"api-service","status":500,"timestamp":"2025-05-10 15:29:17","url":"/api/v1/conversations/paginated"}
{"duration":344,"level":"error","message":"Server error","method":"GET","requestId":"5db1833b-3a09-4263-82ac-f9580e7fcc19","service":"api-service","status":500,"timestamp":"2025-05-10 15:30:35","url":"/api/v1/conversations/paginated"}
{"duration":13434,"level":"error","message":"Server error","method":"GET","requestId":"152b2cfc-e7fa-4eba-984d-30fd12820bed","service":"api-service","status":500,"timestamp":"2025-05-10 15:30:56","url":"/api/v1/conversations/paginated"}
{"duration":821,"level":"error","message":"Server error","method":"GET","requestId":"322e9a9c-9611-45dc-9a92-e0bc7079a60a","service":"api-service","status":500,"timestamp":"2025-05-10 15:33:18","url":"/api/v1/conversations/paginated"}
{"duration":546,"level":"error","message":"Server error","method":"GET","requestId":"319ba4e9-5936-46ae-a7e0-c854b3e8d483","service":"api-service","status":500,"timestamp":"2025-05-10 15:35:38","url":"/api/v1/conversations/paginated"}
{"duration":483,"level":"error","message":"Server error","method":"GET","requestId":"8581cf6d-7ce0-4a9f-80c6-78da78b8d937","service":"api-service","status":500,"timestamp":"2025-05-10 15:37:16","url":"/api/v1/conversations/paginated"}
{"duration":306,"level":"error","message":"Server error","method":"GET","requestId":"c869e863-e07d-4979-9d97-b3ee7e5a3a25","service":"api-service","status":500,"timestamp":"2025-05-10 15:37:49","url":"/api/v1/conversations/paginated"}
{"duration":1591,"level":"error","message":"Server error","method":"GET","requestId":"56d5c022-1e25-4cb5-9fa2-572033a194c3","service":"api-service","status":500,"timestamp":"2025-05-10 15:39:34","url":"/api/v1/conversations/paginated"}
{"duration":8602,"level":"error","message":"Server error","method":"GET","requestId":"b77c6647-e56e-4a61-9185-cdd4ca29de41","service":"api-service","status":500,"timestamp":"2025-05-10 15:42:24","url":"/api/v1/conversations/paginated"}
{"duration":705,"level":"error","message":"Server error","method":"GET","requestId":"c85e893c-f709-4c4d-bc0c-de35e334e26a","service":"api-service","status":500,"timestamp":"2025-05-10 15:55:55","url":"/api/v1/conversations/paginated"}
{"duration":7727,"level":"error","message":"Server error","method":"POST","requestId":"28edf2e8-8b76-4848-a428-41bb94afda68","service":"api-service","status":500,"timestamp":"2025-05-10 16:32:42","url":"/api/v1/auth/login/google"}
{"duration":1705,"level":"error","message":"Server error","method":"GET","requestId":"7ce3558c-575d-47ea-b405-a3e94b605a73","service":"api-service","status":500,"timestamp":"2025-05-10 19:18:03","url":"/api/v1/users/paginated"}
{"duration":22490,"level":"error","message":"Server error","method":"GET","requestId":"eeeea664-35cd-4a5e-9266-17037f16bcad","service":"api-service","status":500,"timestamp":"2025-05-10 19:18:57","url":"/api/v1/users/paginated"}
{"duration":12420,"level":"error","message":"Server error","method":"POST","requestId":"ad7cc5e9-5324-42ff-b7f2-8db6b3109fc5","service":"api-service","status":500,"timestamp":"2025-05-10 21:07:33","url":"/api/v1/auth/login/google"}
{"duration":1379,"level":"error","message":"Server error","method":"POST","requestId":"d1f759dd-6130-4143-8dc3-5cc3bc57aab0","service":"api-service","status":500,"timestamp":"2025-05-10 21:09:38","url":"/api/v1/auth/login/google"}
{"duration":1755,"level":"error","message":"Server error","method":"POST","requestId":"5055967a-1aae-4efd-aa23-ecff50f9a59d","service":"api-service","status":500,"timestamp":"2025-05-10 21:16:59","url":"/api/v1/auth/login/google"}
{"duration":2266,"level":"error","message":"Server error","method":"DELETE","requestId":"30c2f2a4-ed72-497e-a07a-fd6c3c410439","service":"api-service","status":500,"timestamp":"2025-05-10 21:20:13","url":"/api/v1/users/84"}
{"duration":1559,"level":"error","message":"Server error","method":"POST","requestId":"bdf76d76-a207-4eb4-a98f-110b9fa95617","service":"api-service","status":500,"timestamp":"2025-05-10 21:22:07","url":"/api/v1/users"}
{"duration":885,"level":"error","message":"Server error","method":"POST","requestId":"a81673a6-511f-4f5d-88df-16f57735fb4a","service":"api-service","status":500,"timestamp":"2025-05-11 10:23:40","url":"/api/v1/auth/login"}
{"duration":252,"level":"error","message":"Server error","method":"GET","requestId":"8416c9fd-57d3-4754-8705-7df644f3680b","service":"api-service","status":500,"timestamp":"2025-05-11 11:23:57","url":"/api/v1/conversations/paginated?userName=%27abc123%27"}
{"duration":509,"level":"error","message":"Server error","method":"GET","requestId":"d2a7b75c-c1df-402a-b1d7-1640d2179fcb","service":"api-service","status":500,"timestamp":"2025-05-11 11:38:54","url":"/api/v1/conversations/paginated?search=abc123"}
{"duration":338,"level":"error","message":"Server error","method":"GET","requestId":"2c5284b2-00f8-4e75-9ea2-d9ec6e825288","service":"api-service","status":500,"timestamp":"2025-05-11 12:12:27","url":"/api/v1/post-categories/paginated"}
{"duration":216,"level":"error","message":"Server error","method":"GET","requestId":"430127c9-b322-4a92-a42b-00f1abd590ca","service":"api-service","status":500,"timestamp":"2025-05-11 12:14:25","url":"/api/v1/post-categories/paginated"}
{"duration":105,"level":"error","message":"Server error","method":"GET","requestId":"d066c14b-ea5a-4a94-b304-e64a8a6c31a9","service":"api-service","status":500,"timestamp":"2025-05-11 12:14:27","url":"/api/v1/post-categories/paginated"}
{"duration":17429,"level":"error","message":"Server error","method":"GET","requestId":"73248325-8c08-49a5-99b5-51feacb2de95","service":"api-service","status":500,"timestamp":"2025-05-11 12:14:56","url":"/api/v1/post-categories/paginated"}
{"duration":3866,"level":"error","message":"Server error","method":"GET","requestId":"64c9ea19-1bb2-4506-b703-7849292ddf20","service":"api-service","status":500,"timestamp":"2025-05-11 12:17:03","url":"/api/v1/post-categories/paginated"}
{"duration":4761,"level":"error","message":"Server error","method":"GET","requestId":"326c9701-e677-4313-86ee-e1a334ab1f71","service":"api-service","status":500,"timestamp":"2025-05-11 15:03:54","url":"/api/v1/post-categories/paginated?page=1&limit=10"}
{"duration":716,"level":"error","message":"Server error","method":"GET","requestId":"bd027a03-f416-4b3a-ab11-919629beb7d5","service":"api-service","status":500,"timestamp":"2025-05-11 16:15:21","url":"/api/v1/payments/revenue?type=monthly&startDate=2025-05-01&endDate=2025-05-15"}
{"duration":9590,"level":"error","message":"Server error","method":"GET","requestId":"8fbf7bdf-57b3-4df6-952b-52f34a581317","service":"api-service","status":500,"timestamp":"2025-05-11 16:21:49","url":"/api/v1/payments/revenue?type=monthly&startDate=2025-05-01&endDate=2025-05-15"}
{"duration":176632,"level":"error","message":"Server error","method":"GET","requestId":"314432ae-1da8-4f8d-86d7-7ce96a6b8df9","service":"api-service","status":500,"timestamp":"2025-05-11 16:24:53","url":"/api/v1/payments/revenue?type=monthly&startDate=2025-05-01&endDate=2025-05-15"}
{"duration":299659,"level":"error","message":"Server error","method":"GET","requestId":"40d9e857-010e-4746-a46c-59e779e334ac","service":"api-service","status":500,"timestamp":"2025-05-11 16:29:52","url":"/api/v1/payments/revenue?type=monthly&startDate=2025-05-01&endDate=2025-05-15"}
{"duration":6003,"level":"error","message":"Server error","method":"POST","requestId":"69eb47b0-957b-479b-be7a-36ab01202ed1","service":"api-service","status":500,"timestamp":"2025-05-11 22:17:41","url":"/api/v1/conversations"}
{"duration":123406,"level":"error","message":"Server error","method":"POST","requestId":"95e8b5fe-30f6-4213-933d-9f042f46b4a2","service":"api-service","status":500,"timestamp":"2025-05-11 22:20:53","url":"/api/v1/conversations"}
{"duration":28974,"level":"error","message":"Server error","method":"POST","requestId":"6fbae59a-c24c-4a9b-a1ac-a680301244c4","service":"api-service","status":500,"timestamp":"2025-05-11 22:45:39","url":"/api/v1/conversations"}
{"duration":8956,"level":"error","message":"Server error","method":"GET","requestId":"d7dce11b-cb65-442a-96b8-0307e59fd811","service":"api-service","status":500,"timestamp":"2025-05-11 23:03:11","url":"/api/v1/payments/revenue?type=monthly&startDate=2025-05-01&endDate=2025-05-15"}
{"duration":48526,"level":"error","message":"Server error","method":"GET","requestId":"a26ef94f-2026-4423-bcbf-244f59358de3","service":"api-service","status":500,"timestamp":"2025-05-11 23:04:12","url":"/api/v1/payments/revenue?type=monthly&startDate=2025-05-01&endDate=2025-05-15"}
{"duration":350,"level":"error","message":"Server error","method":"GET","requestId":"c4ff1f44-2bdc-406b-af34-02019e53214f","service":"api-service","status":500,"timestamp":"2025-05-11 23:12:07","url":"/api/v1/payments/revenue?type=weekly&startDate=2025-05-01&endDate=2025-05-15"}
{"duration":422,"level":"error","message":"Server error","method":"GET","requestId":"d982b990-2f4e-4b7b-9449-0cf67817bac3","service":"api-service","status":500,"timestamp":"2025-05-11 23:13:12","url":"/api/v1/payments/revenue?type=weekly&startDate=2025-05-01&endDate=2025-05-15"}
{"duration":2610,"level":"error","message":"Server error","method":"GET","requestId":"2ef0d96b-563e-419a-95d9-794b8c8ed432","service":"api-service","status":500,"timestamp":"2025-05-11 23:39:13","url":"/api/v1/payments/revenue?type=weekly&startDate=2025-05-05&endDate=2025-05-11"}
{"duration":6774,"level":"error","message":"Server error","method":"GET","requestId":"874e34a6-e282-4ed7-a2bc-a268eb7413af","service":"api-service","status":500,"timestamp":"2025-05-11 23:46:02","url":"/api/v1/payments/revenue?type=weekly&startDate=2025-05-05&endDate=2025-05-11"}
{"duration":4312,"level":"error","message":"Server error","method":"POST","requestId":"8f06fb2f-01c6-4363-8e38-6394861d675c","service":"api-service","status":500,"timestamp":"2025-05-12 23:17:39","url":"/api/v1/auth/login/google"}
{"duration":13510,"level":"error","message":"Server error","method":"POST","requestId":"8013659b-7d29-4e61-95f9-c9c5c3108096","service":"api-service","status":500,"timestamp":"2025-05-12 23:20:01","url":"/api/v1/auth/login/google"}
{"duration":50215,"level":"error","message":"Server error","method":"POST","requestId":"7da0dc08-f259-4046-a751-56ee74b52873","service":"api-service","status":500,"timestamp":"2025-05-12 23:20:58","url":"/api/v1/auth/login/google"}
{"duration":32355,"level":"error","message":"Server error","method":"POST","requestId":"7f0a6f4a-dace-422f-9b91-53ef071269b5","service":"api-service","status":500,"timestamp":"2025-05-12 23:26:13","url":"/api/v1/auth/login/google"}
{"duration":19667,"level":"error","message":"Server error","method":"POST","requestId":"9c1fbc2f-4c36-44fd-94ee-8c557a6189fe","service":"api-service","status":500,"timestamp":"2025-05-12 23:28:22","url":"/api/v1/auth/login/google"}
{"duration":7275,"level":"error","message":"Server error","method":"POST","requestId":"a8aadbf0-cc2f-4c2c-928a-90163283ed66","service":"api-service","status":500,"timestamp":"2025-05-12 23:37:39","url":"/api/v1/auth/login/google"}
{"duration":13005,"level":"error","message":"Server error","method":"POST","requestId":"5908b787-0551-4f0a-8fbe-baba30b7b5dd","service":"api-service","status":500,"timestamp":"2025-05-12 23:37:57","url":"/api/v1/auth/login/google"}
{"duration":13725,"level":"error","message":"Server error","method":"POST","requestId":"10a273df-b669-4cba-bf5c-a400d5085d67","service":"api-service","status":500,"timestamp":"2025-05-12 23:38:13","url":"/api/v1/auth/login/google"}
{"duration":48304,"level":"error","message":"Server error","method":"POST","requestId":"737727f8-a8e4-4de0-8b7b-81b26c6ad1e5","service":"api-service","status":500,"timestamp":"2025-05-12 23:39:20","url":"/api/v1/auth/login/google"}
{"duration":5809,"level":"error","message":"Server error","method":"POST","requestId":"e7dd60b0-5272-41e0-9ea7-7c1fbd35538a","service":"api-service","status":500,"timestamp":"2025-05-12 23:40:30","url":"/api/v1/auth/login/google"}
{"duration":13816,"level":"error","message":"Server error","method":"POST","requestId":"75e28427-2c6b-4e1a-9221-b1200e0cfaa4","service":"api-service","status":500,"timestamp":"2025-05-12 23:41:00","url":"/api/v1/auth/login/google"}
{"duration":9777,"level":"error","message":"Server error","method":"POST","requestId":"74678c88-8f32-42e3-a06f-b0ba5e45d192","service":"api-service","status":500,"timestamp":"2025-05-12 23:44:31","url":"/api/v1/auth/login/google"}
{"duration":65396,"level":"error","message":"Server error","method":"POST","requestId":"e96c2fab-024d-44fb-844e-f585666c9f3e","service":"api-service","status":500,"timestamp":"2025-05-12 23:45:40","url":"/api/v1/auth/login/google"}
{"duration":24564,"level":"error","message":"Server error","method":"POST","requestId":"14be70e7-e6ab-4083-9bab-7c4d1011c4eb","service":"api-service","status":500,"timestamp":"2025-05-12 23:48:31","url":"/api/v1/auth/login/google"}
{"duration":6567,"level":"error","message":"Server error","method":"POST","requestId":"5946a092-9d68-4c42-b5bd-e9120ff5991a","service":"api-service","status":500,"timestamp":"2025-05-12 23:50:08","url":"/api/v1/auth/login/google"}
{"duration":9580,"level":"error","message":"Server error","method":"POST","requestId":"a74523cb-af49-4117-aed1-47089f03b461","service":"api-service","status":500,"timestamp":"2025-05-12 23:53:08","url":"/api/v1/auth/login/google"}
{"duration":27585,"level":"error","message":"Server error","method":"POST","requestId":"f39f9561-cc3f-49e3-8a40-df0cc5dbb04a","service":"api-service","status":500,"timestamp":"2025-05-12 23:53:47","url":"/api/v1/auth/login/google"}
{"duration":4732,"level":"error","message":"Server error","method":"POST","requestId":"f698192b-27a3-4e1b-a9ac-4a029e42aa1b","service":"api-service","status":500,"timestamp":"2025-05-12 23:55:08","url":"/api/v1/auth/login/google"}
{"duration":4606,"level":"error","message":"Server error","method":"POST","requestId":"92e8d83d-062e-48b6-8822-8ed52d3131fd","service":"api-service","status":500,"timestamp":"2025-05-12 23:55:17","url":"/api/v1/auth/login/google"}
{"duration":12874,"level":"error","message":"Server error","method":"POST","requestId":"51895333-72b4-4c47-95ec-1d0052b661f1","service":"api-service","status":500,"timestamp":"2025-05-12 23:56:45","url":"/api/v1/auth/login/google"}
{"duration":6004,"level":"error","message":"Server error","method":"POST","requestId":"f1734991-feda-4ff9-82f6-de7f3728fe57","service":"api-service","status":500,"timestamp":"2025-05-13 00:00:09","url":"/api/v1/auth/login/google"}
{"duration":18588,"level":"error","message":"Server error","method":"POST","requestId":"219fea19-5c8b-4e68-b34d-a7649399130f","service":"api-service","status":500,"timestamp":"2025-05-13 00:04:03","url":"/api/v1/auth/login/google"}
{"duration":8372,"level":"error","message":"Server error","method":"POST","requestId":"e1f3c0e0-c63c-403b-a135-5ea70862207e","service":"api-service","status":500,"timestamp":"2025-05-13 00:08:17","url":"/api/v1/auth/login/google"}
{"duration":2433,"level":"error","message":"Server error","method":"POST","requestId":"5f250d3f-e660-4978-887e-e9938e77c469","service":"api-service","status":500,"timestamp":"2025-05-13 00:11:47","url":"/api/v1/auth/login/google"}
{"duration":3664,"level":"error","message":"Server error","method":"POST","requestId":"d76787c8-9b47-4837-88ea-2c84d3458e85","service":"api-service","status":500,"timestamp":"2025-05-13 00:13:22","url":"/api/v1/auth/login/google"}
{"duration":20098,"level":"error","message":"Server error","method":"POST","requestId":"aa3591cc-eed6-4339-ac6b-d65af3953036","service":"api-service","status":500,"timestamp":"2025-05-13 00:13:52","url":"/api/v1/auth/login/google"}
{"duration":56792,"level":"error","message":"Server error","method":"POST","requestId":"54254030-ac53-4994-9712-931c173329e0","service":"api-service","status":500,"timestamp":"2025-05-13 00:14:53","url":"/api/v1/auth/login/google"}
{"duration":10341,"level":"error","message":"Server error","method":"POST","requestId":"df57c4e7-a9d2-441b-9004-e87dca228c6b","service":"api-service","status":500,"timestamp":"2025-05-13 00:16:09","url":"/api/v1/auth/login/google"}
{"duration":3332,"level":"error","message":"Server error","method":"POST","requestId":"1b40a7b3-0cc7-48a4-af5c-666f5ae5ba00","service":"api-service","status":500,"timestamp":"2025-05-13 00:18:56","url":"/api/v1/auth/login/google"}
{"duration":2280,"level":"error","message":"Server error","method":"POST","requestId":"616f1a7d-3a21-4f32-b58e-563f19979da0","service":"api-service","status":500,"timestamp":"2025-05-13 00:21:38","url":"/api/v1/auth/login/google"}
{"duration":2985,"level":"error","message":"Server error","method":"POST","requestId":"89a9fd81-de3f-413f-bc1a-d211cc89bbdd","service":"api-service","status":500,"timestamp":"2025-05-13 00:22:18","url":"/api/v1/auth/login/google"}
{"duration":38034,"level":"error","message":"Server error","method":"POST","requestId":"24fad0c8-2549-4ce6-a037-8d22912c8a1c","service":"api-service","status":500,"timestamp":"2025-05-13 00:24:15","url":"/api/v1/auth/login/google"}
{"duration":62451,"level":"error","message":"Server error","method":"POST","requestId":"1a482aba-b345-48d0-a0e2-caaa6f275d24","service":"api-service","status":500,"timestamp":"2025-05-13 00:26:14","url":"/api/v1/auth/login/google"}
{"duration":23417,"level":"error","message":"Server error","method":"POST","requestId":"83f6e4b2-2697-4b82-941d-1202c32f79d6","service":"api-service","status":500,"timestamp":"2025-05-13 00:27:34","url":"/api/v1/auth/login/google"}
{"duration":3306,"level":"error","message":"Server error","method":"POST","requestId":"92b3f0f1-748e-411a-a544-8c7b8a124794","service":"api-service","status":500,"timestamp":"2025-05-13 00:29:41","url":"/api/v1/auth/login/google"}
{"duration":11253,"level":"error","message":"Server error","method":"POST","requestId":"ee054561-eb50-47ee-941c-0245342d4926","service":"api-service","status":500,"timestamp":"2025-05-13 00:29:59","url":"/api/v1/auth/login/google"}
{"duration":3321,"level":"error","message":"Server error","method":"POST","requestId":"d54e1893-054a-4760-a51c-f0606c4fc7d5","service":"api-service","status":500,"timestamp":"2025-05-13 00:30:23","url":"/api/v1/auth/login/google"}
{"duration":63227,"level":"error","message":"Server error","method":"POST","requestId":"98297fe9-813f-4fab-a3eb-8f2cfc1a7cf8","service":"api-service","status":500,"timestamp":"2025-05-13 00:31:49","url":"/api/v1/auth/login/google"}
{"duration":4320,"level":"error","message":"Server error","method":"POST","requestId":"c19ae530-207b-4ffa-bd81-f20285763d5b","service":"api-service","status":500,"timestamp":"2025-05-13 00:34:18","url":"/api/v1/auth/login/google"}
{"duration":11301,"level":"error","message":"Server error","method":"POST","requestId":"5bc21c37-1ddb-48dd-a6bb-bd5443a2a3e2","service":"api-service","status":500,"timestamp":"2025-05-13 00:57:47","url":"/api/v1/auth/login/google"}
{"duration":1246,"level":"error","message":"Server error","method":"POST","requestId":"bff201c9-153d-48db-b49d-7b9169277baa","service":"api-service","status":500,"timestamp":"2025-05-13 01:01:35","url":"/api/v1/auth/login/google"}
{"duration":41355,"level":"error","message":"Server error","method":"POST","requestId":"bb74f394-9347-4c7e-956c-aa6ce0f7a38f","service":"api-service","status":500,"timestamp":"2025-05-13 01:06:40","url":"/api/v1/auth/login/google"}
{"duration":6984,"level":"error","message":"Server error","method":"POST","requestId":"885c6168-ebcd-45a6-9214-21e924153cf4","service":"api-service","status":500,"timestamp":"2025-05-13 01:11:01","url":"/api/v1/auth/login/google"}
